// Jest Snapshot v1, https://goo.gl/fbAQLP

exports[`DataTable.BatchEditableTableNumberInput should render 1`] = `
<NumberInput
  className="bx--number--batch-edit"
  disabled={false}
  helperText=""
  iconDescription="choose a number"
  id="id-foo"
  invalid={false}
  invalidText={<InvalidIcon />}
  label=""
  light={false}
  onChange={[Function]}
  onClick={[Function]}
  step={1}
  value={0}
/>
`;
