// Jest Snapshot v1, https://goo.gl/fbAQLP

exports[`DataTable.TableToolbarAction should render 1`] = `
<TableToolbarAction
  className="custom-class"
  iconDescription="Add"
  renderIcon={
    Object {
      "$$typeof": Symbol(react.forward_ref),
      "defaultProps": Object {
        "height": 16,
        "preserveAspectRatio": "xMidYMid meet",
        "viewBox": "0 0 16 16",
        "width": 16,
        "xmlns": "http://www.w3.org/2000/svg",
      },
      "displayName": "Download16",
      "propTypes": Object {
        "aria-hidden": [Function],
        "aria-label": [Function],
        "aria-labelledby": [Function],
        "children": [Function],
        "className": [Function],
        "height": [Function],
        "preserveAspectRatio": [Function],
        "tabIndex": [Function],
        "viewBox": [Function],
        "width": [Function],
        "xmlns": [Function],
      },
      "render": [Function],
    }
  }
>
  <OverflowMenuItem
    className="custom-class"
    disabled={false}
    hasDivider={false}
    iconDescription="Add"
    isDelete={false}
    itemText="Provide itemText"
    onClick={[Function]}
    onKeyDown={[Function]}
    renderIcon={
      Object {
        "$$typeof": Symbol(react.forward_ref),
        "defaultProps": Object {
          "height": 16,
          "preserveAspectRatio": "xMidYMid meet",
          "viewBox": "0 0 16 16",
          "width": 16,
          "xmlns": "http://www.w3.org/2000/svg",
        },
        "displayName": "Download16",
        "propTypes": Object {
          "aria-hidden": [Function],
          "aria-label": [Function],
          "aria-labelledby": [Function],
          "children": [Function],
          "className": [Function],
          "height": [Function],
          "preserveAspectRatio": [Function],
          "tabIndex": [Function],
          "viewBox": [Function],
          "width": [Function],
          "xmlns": [Function],
        },
        "render": [Function],
      }
    }
  >
    <li
      className="bx--overflow-menu-options__option"
      role="menuitem"
    >
      <button
        className="bx--overflow-menu-options__btn custom-class"
        disabled={false}
        iconDescription="Add"
        onClick={[Function]}
        onKeyDown={[Function]}
        renderIcon={
          Object {
            "$$typeof": Symbol(react.forward_ref),
            "defaultProps": Object {
              "height": 16,
              "preserveAspectRatio": "xMidYMid meet",
              "viewBox": "0 0 16 16",
              "width": 16,
              "xmlns": "http://www.w3.org/2000/svg",
            },
            "displayName": "Download16",
            "propTypes": Object {
              "aria-hidden": [Function],
              "aria-label": [Function],
              "aria-labelledby": [Function],
              "children": [Function],
              "className": [Function],
              "height": [Function],
              "preserveAspectRatio": [Function],
              "tabIndex": [Function],
              "viewBox": [Function],
              "width": [Function],
              "xmlns": [Function],
            },
            "render": [Function],
          }
        }
        tabIndex="-1"
        title={null}
      >
        <div
          className="bx--overflow-menu-options__option-content"
        >
          Provide itemText
        </div>
      </button>
    </li>
  </OverflowMenuItem>
</TableToolbarAction>
`;
