// Jest Snapshot v1, https://goo.gl/fbAQLP

exports[`DataTable.BatchEditableTableTextInput should render 1`] = `
<TextInput
  className="bx--text-input--batch-edit"
  disabled={false}
  helperText=""
  id="id-foo"
  invalid={false}
  invalidText={<InvalidIcon />}
  labelText=""
  light={false}
  onChange={[Function]}
  onClick={[Function]}
  type="text"
/>
`;
