// Jest Snapshot v1, https://goo.gl/fbAQLP

exports[`DataTable.BatchEditableTableSelect should render 1`] = `
<Select
  className="bx--select--batch-edit"
  disabled={false}
  helperText=""
  iconDescription="open list of options"
  id="id-foo"
  inline={false}
  invalid={false}
  invalidText={<InvalidIcon />}
  labelText=""
  light={false}
/>
`;
