// Jest Snapshot v1, https://goo.gl/fbAQLP

exports[`DataTable.TableToolbarAction should render 1`] = `
<TableToolbarAction
  className="custom-class"
  iconDescription="Add"
  iconName="add--solid"
>
  <button
    className="custom-class bx--toolbar-action"
  >
    <Icon
      className="bx--toolbar-action__icon"
      description="Add"
      fillRule="evenodd"
      name="add--solid"
      role="img"
    >
      <svg
        alt="Add"
        aria-label="Add"
        className="bx--toolbar-action__icon"
        fillRule="evenodd"
        name="add--solid"
        role="img"
      >
        <title>
          Add
        </title>
      </svg>
    </Icon>
  </button>
</TableToolbarAction>
`;
